stm32l5xx_ll_bus.h:435:22:LL_AHB2_GRP1_EnableClock	24	static
stm32l5xx_ll_bus.h:916:22:LL_APB1_GRP2_EnableClock	24	static
main.c:77:5:main	8	static
main.c:128:6:SystemClock_Config	104	static
main.c:183:13:MX_ADC1_Init	48	static
main.c:247:13:MX_ICACHE_Init	8	static
main.c:278:13:MX_LPUART1_UART_Init	8	static
main.c:326:13:MX_RTC_Init	56	static
main.c:399:13:MX_UCPD1_Init	32	static
main.c:441:13:MX_USB_PCD_Init	8	static
main.c:474:13:MX_GPIO_Init	48	static
main.c:531:6:Error_Handler	4	static,ignoring_inline_asm
